// Jest Snapshot v1, https://goo.gl/fbAQLP

exports[`Test LoadingScreen Test what? 1`] = `ShallowWrapper {}`;
