// Jest Snapshot v1, https://goo.gl/fbAQLP

exports[`test for Login Page should render correctly 1`] = `"{}"`;
