// Jest Snapshot v1, https://goo.gl/fbAQLP

exports[`Test PrivateRoute Test what? 1`] = `ShallowWrapper {}`;
