// Jest Snapshot v1, https://goo.gl/fbAQLP

exports[`test for Profile Page should render correctly 1`] = `"{}"`;
