// Jest Snapshot v1, https://goo.gl/fbAQLP

exports[`Test UserCard Test what? 1`] = `ShallowWrapper {}`;
